

Sun Jul 13 01:59:06 2025
Command line: TestDisk

TestDisk 7.1, Data Recovery Utility, July 2019
Christophe GRENIER <grenier@cgsecurity.org>
https://www.cgsecurity.org
OS: Linux, kernel 6.6.87.2-microsoft-standard-WSL2 (#1 SMP PREEMPT_DYNAMIC Thu Jun  5 18:30:46 UTC 2025) x86_64
Compiler: GCC 11.2
ext2fs lib: 1.46.5, ntfs lib: libntfs-3g, reiserfs lib: none, ewf lib: none, curses lib: ncurses 6.3
Warning: can't get size for Disk /dev/mapper/control - 0 B - 0 sectors, sector size=512
Warning: can't get size for Disk /dev/loop0 - 0 B - 0 sectors, sector size=512
Warning: can't get size for Disk /dev/loop1 - 0 B - 0 sectors, sector size=512
Warning: can't get size for Disk /dev/loop2 - 0 B - 0 sectors, sector size=512
Warning: can't get size for Disk /dev/loop3 - 0 B - 0 sectors, sector size=512
Warning: can't get size for Disk /dev/loop4 - 0 B - 0 sectors, sector size=512
Warning: can't get size for Disk /dev/loop5 - 0 B - 0 sectors, sector size=512
Warning: can't get size for Disk /dev/loop6 - 0 B - 0 sectors, sector size=512
Warning: can't get size for Disk /dev/loop7 - 0 B - 0 sectors, sector size=512
Hard disk list
Disk /dev/sda - 407 MB / 388 MiB - CHS 49 255 63 (RO), sector size=512 - Msft Virtual Disk, FW:1.0
Disk /dev/sdb - 195 MB / 186 MiB - CHS 23 255 63 (RO), sector size=512 - Msft Virtual Disk, FW:1.0
Disk /dev/sdc - 1073 MB / 1024 MiB - CHS 130 255 63, sector size=512 - Msft Virtual Disk, FW:1.0
Disk /dev/sdd - 1099 GB / 1024 GiB - CHS 133674 255 63, sector size=512 - Msft Virtual Disk, FW:1.0

Partition table type (auto): None
Disk /dev/sdd - 1099 GB / 1024 GiB - Msft Virtual Disk
Partition table type: Intel

Interface Advanced
Partition table type (auto): None
Disk /dev/sdc - 1073 MB / 1024 MiB - Msft Virtual Disk
Partition table type: Intel

Interface Advanced
Partition table type (auto): None
Disk /dev/sdd - 1099 GB / 1024 GiB - Msft Virtual Disk
Partition table type: Intel

Interface Advanced

TestDisk exited normally.
